D:\anaconda\envs\rtsp\python : D:\anaconda\envs\rtsp\lib\site-packages\requests
\__init__.py:113: RequestsDependencyWarning: urllib3 (2.6.3) or chardet (7.2.0)
/charset_normalizer (3.4.6) doesn't match a supported version!
所在位置 行:1 字符: 38
+ ... stp1\backend; D:\anaconda\envs\rtsp\python test_start.py 2>&1 | Out-F ...
+                   ~~~~~~~~~~~~~~~~~~~~~~~~~~~~~~~~~~~~~~~~~~~~~~~
    + CategoryInfo          : NotSpecified: (D:\anaconda\env...ported version! 
   :String) [], RemoteException
    + FullyQualifiedErrorId : NativeCommandError
 
  warnings.warn(
开始会议响应:
Status: 200
Response: {'code': 200, 'data': {'createdAt': '2026-03-26 17:32:56', 'date': '2024-01-22', 'description': '2024 年市场调研汇报', 'endTime': '17:00', 'id': 3, 'organizer': 'E006', 'participants': ['E006', 'E005', 'E007'], 'roomId': 3, 'startTime': '15:00', 'status': 'active', 'title': '市场调研报告'}, 'message': '会议已开始，音频采集和录音已启动'}

音频目录是否存在：False
目录不存在，说明 FFmpeg 没有启动

会议状态：active
